Archive member included to satisfy reference by file (symbol)

/opt/st/stm32cubeide_1.15.0/plugins/com.st.stm32cube.ide.mcu.externaltools.gnu-tools-for-stm32.12.3.rel1.linux64_1.0.100.202403111256/tools/bin/../lib/gcc/arm-none-eabi/12.3.1/../../../../arm-none-eabi/lib/thumb/v7e-m/nofp/libc_nano.a(libc_a-exit.o)
                              /opt/st/stm32cubeide_1.15.0/plugins/com.st.stm32cube.ide.mcu.externaltools.gnu-tools-for-stm32.12.3.rel1.linux64_1.0.100.202403111256/tools/bin/../lib/gcc/arm-none-eabi/12.3.1/../../../../arm-none-eabi/lib/thumb/v7e-m/nofp/crt0.o (exit)
/opt/st/stm32cubeide_1.15.0/plugins/com.st.stm32cube.ide.mcu.externaltools.gnu-tools-for-stm32.12.3.rel1.linux64_1.0.100.202403111256/tools/bin/../lib/gcc/arm-none-eabi/12.3.1/../../../../arm-none-eabi/lib/thumb/v7e-m/nofp/libc_nano.a(libc_a-findfp.o)
                              /opt/st/stm32cubeide_1.15.0/plugins/com.st.stm32cube.ide.mcu.externaltools.gnu-tools-for-stm32.12.3.rel1.linux64_1.0.100.202403111256/tools/bin/../lib/gcc/arm-none-eabi/12.3.1/../../../../arm-none-eabi/lib/thumb/v7e-m/nofp/libc_nano.a(libc_a-exit.o) (__stdio_exit_handler)
/opt/st/stm32cubeide_1.15.0/plugins/com.st.stm32cube.ide.mcu.externaltools.gnu-tools-for-stm32.12.3.rel1.linux64_1.0.100.202403111256/tools/bin/../lib/gcc/arm-none-eabi/12.3.1/../../../../arm-none-eabi/lib/thumb/v7e-m/nofp/libc_nano.a(libc_a-fwalk.o)
                              /opt/st/stm32cubeide_1.15.0/plugins/com.st.stm32cube.ide.mcu.externaltools.gnu-tools-for-stm32.12.3.rel1.linux64_1.0.100.202403111256/tools/bin/../lib/gcc/arm-none-eabi/12.3.1/../../../../arm-none-eabi/lib/thumb/v7e-m/nofp/libc_nano.a(libc_a-findfp.o) (_fwalk_sglue)
/opt/st/stm32cubeide_1.15.0/plugins/com.st.stm32cube.ide.mcu.externaltools.gnu-tools-for-stm32.12.3.rel1.linux64_1.0.100.202403111256/tools/bin/../lib/gcc/arm-none-eabi/12.3.1/../../../../arm-none-eabi/lib/thumb/v7e-m/nofp/libc_nano.a(libc_a-stdio.o)
                              /opt/st/stm32cubeide_1.15.0/plugins/com.st.stm32cube.ide.mcu.externaltools.gnu-tools-for-stm32.12.3.rel1.linux64_1.0.100.202403111256/tools/bin/../lib/gcc/arm-none-eabi/12.3.1/../../../../arm-none-eabi/lib/thumb/v7e-m/nofp/libc_nano.a(libc_a-findfp.o) (__sread)
/opt/st/stm32cubeide_1.15.0/plugins/com.st.stm32cube.ide.mcu.externaltools.gnu-tools-for-stm32.12.3.rel1.linux64_1.0.100.202403111256/tools/bin/../lib/gcc/arm-none-eabi/12.3.1/../../../../arm-none-eabi/lib/thumb/v7e-m/nofp/libc_nano.a(libc_a-memset.o)
                              /opt/st/stm32cubeide_1.15.0/plugins/com.st.stm32cube.ide.mcu.externaltools.gnu-tools-for-stm32.12.3.rel1.linux64_1.0.100.202403111256/tools/bin/../lib/gcc/arm-none-eabi/12.3.1/../../../../arm-none-eabi/lib/thumb/v7e-m/nofp/crt0.o (memset)
/opt/st/stm32cubeide_1.15.0/plugins/com.st.stm32cube.ide.mcu.externaltools.gnu-tools-for-stm32.12.3.rel1.linux64_1.0.100.202403111256/tools/bin/../lib/gcc/arm-none-eabi/12.3.1/../../../../arm-none-eabi/lib/thumb/v7e-m/nofp/libc_nano.a(libc_a-closer.o)
                              /opt/st/stm32cubeide_1.15.0/plugins/com.st.stm32cube.ide.mcu.externaltools.gnu-tools-for-stm32.12.3.rel1.linux64_1.0.100.202403111256/tools/bin/../lib/gcc/arm-none-eabi/12.3.1/../../../../arm-none-eabi/lib/thumb/v7e-m/nofp/libc_nano.a(libc_a-stdio.o) (_close_r)
/opt/st/stm32cubeide_1.15.0/plugins/com.st.stm32cube.ide.mcu.externaltools.gnu-tools-for-stm32.12.3.rel1.linux64_1.0.100.202403111256/tools/bin/../lib/gcc/arm-none-eabi/12.3.1/../../../../arm-none-eabi/lib/thumb/v7e-m/nofp/libc_nano.a(libc_a-reent.o)
                              /opt/st/stm32cubeide_1.15.0/plugins/com.st.stm32cube.ide.mcu.externaltools.gnu-tools-for-stm32.12.3.rel1.linux64_1.0.100.202403111256/tools/bin/../lib/gcc/arm-none-eabi/12.3.1/../../../../arm-none-eabi/lib/thumb/v7e-m/nofp/libc_nano.a(libc_a-closer.o) (errno)
/opt/st/stm32cubeide_1.15.0/plugins/com.st.stm32cube.ide.mcu.externaltools.gnu-tools-for-stm32.12.3.rel1.linux64_1.0.100.202403111256/tools/bin/../lib/gcc/arm-none-eabi/12.3.1/../../../../arm-none-eabi/lib/thumb/v7e-m/nofp/libc_nano.a(libc_a-impure.o)
                              /opt/st/stm32cubeide_1.15.0/plugins/com.st.stm32cube.ide.mcu.externaltools.gnu-tools-for-stm32.12.3.rel1.linux64_1.0.100.202403111256/tools/bin/../lib/gcc/arm-none-eabi/12.3.1/../../../../arm-none-eabi/lib/thumb/v7e-m/nofp/libc_nano.a(libc_a-reent.o) (_impure_ptr)
/opt/st/stm32cubeide_1.15.0/plugins/com.st.stm32cube.ide.mcu.externaltools.gnu-tools-for-stm32.12.3.rel1.linux64_1.0.100.202403111256/tools/bin/../lib/gcc/arm-none-eabi/12.3.1/../../../../arm-none-eabi/lib/thumb/v7e-m/nofp/libc_nano.a(libc_a-lseekr.o)
                              /opt/st/stm32cubeide_1.15.0/plugins/com.st.stm32cube.ide.mcu.externaltools.gnu-tools-for-stm32.12.3.rel1.linux64_1.0.100.202403111256/tools/bin/../lib/gcc/arm-none-eabi/12.3.1/../../../../arm-none-eabi/lib/thumb/v7e-m/nofp/libc_nano.a(libc_a-stdio.o) (_lseek_r)
[...]
Memory Configuration

Name             Origin             Length             Attributes
CCMRAM           0x10000000         0x00010000         xrw
RAM              0x20000000         0x00020000         xrw
FLASH            0x08000000         0x00100000         xr
*default*        0x00000000         0xffffffff

Linker script and memory map

LOAD /opt/st/stm32cubeide_1.15.0/plugins/com.st.stm32cube.ide.mcu.externaltools.gnu-tools-for-stm32.12.3.rel1.linux64_1.0.100.202403111256/tools/bin/../lib/gcc/arm-none-eabi/12.3.1/thumb/v7e-m/nofp/crti.o
LOAD /opt/st/stm32cubeide_1.15.0/plugins/com.st.stm32cube.ide.mcu.externaltools.gnu-tools-for-stm32.12.3.rel1.linux64_1.0.100.202403111256/tools/bin/../lib/gcc/arm-none-eabi/12.3.1/thumb/v7e-m/nofp/crtbegin.o
LOAD /opt/st/stm32cubeide_1.15.0/plugins/com.st.stm32cube.ide.mcu.externaltools.gnu-tools-for-stm32.12.3.rel1.linux64_1.0.100.202403111256/tools/bin/../lib/gcc/arm-none-eabi/12.3.1/../../../../arm-none-eabi/lib/thumb/v7e-m/nofp/crt0.o
LOAD ./Src/eeprom.o
LOAD ./Src/i2c.o
LOAD ./Src/itm.o
LOAD ./Src/main.o
LOAD ./Src/syscalls.o
LOAD ./Src/sysmem.o
LOAD ./Src/system_stm32f4xx.o
LOAD ./Src/uart.o
LOAD ./Startup/startup_stm32f407vgtx.o
START GROUP
LOAD /opt/st/stm32cubeide_1.15.0/plugins/com.st.stm32cube.ide.mcu.externaltools.gnu-tools-for-stm32.12.3.rel1.linux64_1.0.100.202403111256/tools/bin/../lib/gcc/arm-none-eabi/12.3.1/../../../../arm-none-eabi/lib/thumb/v7e-m/nofp/libc_nano.a
LOAD /opt/st/stm32cubeide_1.15.0/plugins/com.st.stm32cube.ide.mcu.externaltools.gnu-tools-for-stm32.12.3.rel1.linux64_1.0.100.202403111256/tools/bin/../lib/gcc/arm-none-eabi/12.3.1/../../../../arm-none-eabi/lib/thumb/v7e-m/nofp/libm.a
END GROUP
START GROUP
LOAD /opt/st/stm32cubeide_1.15.0/plugins/com.st.stm32cube.ide.mcu.externaltools.gnu-tools-for-stm32.12.3.rel1.linux64_1.0.100.202403111256/tools/bin/../lib/gcc/arm-none-eabi/12.3.1/thumb/v7e-m/nofp/libgcc.a
LOAD /opt/st/stm32cubeide_1.15.0/plugins/com.st.stm32cube.ide.mcu.externaltools.gnu-tools-for-stm32.12.3.rel1.linux64_1.0.100.202403111256/tools/bin/../lib/gcc/arm-none-eabi/12.3.1/../../../../arm-none-eabi/lib/thumb/v7e-m/nofp/libc_nano.a
END GROUP
START GROUP
LOAD /opt/st/stm32cubeide_1.15.0/plugins/com.st.stm32cube.ide.mcu.externaltools.gnu-tools-for-stm32.12.3.rel1.linux64_1.0.100.202403111256/tools/bin/../lib/gcc/arm-none-eabi/12.3.1/thumb/v7e-m/nofp/libgcc.a
LOAD /opt/st/stm32cubeide_1.15.0/plugins/com.st.stm32cube.ide.mcu.externaltools.gnu-tools-for-stm32.12.3.rel1.linux64_1.0.100.202403111256/tools/bin/../lib/gcc/arm-none-eabi/12.3.1/../../../../arm-none-eabi/lib/thumb/v7e-m/nofp/libc_nano.a
LOAD /opt/st/stm32cubeide_1.15.0/plugins/com.st.stm32cube.ide.mcu.externaltools.gnu-tools-for-stm32.12.3.rel1.linux64_1.0.100.202403111256/tools/bin/../lib/gcc/arm-none-eabi/12.3.1/../../../../arm-none-eabi/lib/thumb/v7e-m/nofp/libnosys.a
END GROUP
START GROUP
LOAD /opt/st/stm32cubeide_1.15.0/plugins/com.st.stm32cube.ide.mcu.externaltools.gnu-tools-for-stm32.12.3.rel1.linux64_1.0.100.202403111256/tools/bin/../lib/gcc/arm-none-eabi/12.3.1/thumb/v7e-m/nofp/libgcc.a
LOAD /opt/st/stm32cubeide_1.15.0/plugins/com.st.stm32cube.ide.mcu.externaltools.gnu-tools-for-stm32.12.3.rel1.linux64_1.0.100.202403111256/tools/bin/../lib/gcc/arm-none-eabi/12.3.1/../../../../arm-none-eabi/lib/thumb/v7e-m/nofp/libc_nano.a
LOAD /opt/st/stm32cubeide_1.15.0/plugins/com.st.stm32cube.ide.mcu.externaltools.gnu-tools-for-stm32.12.3.rel1.linux64_1.0.100.202403111256/tools/bin/../lib/gcc/arm-none-eabi/12.3.1/../../../../arm-none-eabi/lib/thumb/v7e-m/nofp/libnosys.a
END GROUP
LOAD /opt/st/stm32cubeide_1.15.0/plugins/com.st.stm32cube.ide.mcu.externaltools.gnu-tools-for-stm32.12.3.rel1.linux64_1.0.100.202403111256/tools/bin/../lib/gcc/arm-none-eabi/12.3.1/thumb/v7e-m/nofp/crtend.o
LOAD /opt/st/stm32cubeide_1.15.0/plugins/com.st.stm32cube.ide.mcu.externaltools.gnu-tools-for-stm32.12.3.rel1.linux64_1.0.100.202403111256/tools/bin/../lib/gcc/arm-none-eabi/12.3.1/thumb/v7e-m/nofp/crtn.o
                0x20020000                        _estack = (ORIGIN (RAM) + LENGTH (RAM))
                0x00000200                        _Min_Heap_Size = 0x200
                0x00000400                        _Min_Stack_Size = 0x400

.isr_vector     0x08000000      0x188
                0x08000000                        . = ALIGN (0x4)
 *(.isr_vector)
 .isr_vector    0x08000000      0x188 ./Startup/startup_stm32f407vgtx.o
                0x08000000                g_pfnVectors
                0x08000188                        . = ALIGN (0x4)

.text           0x08000188      0x82c
                0x08000188                        . = ALIGN (0x4)
 *(.text)
 .text          0x08000188       0x40 /opt/st/stm32cubeide_1.15.0/plugins/com.st.stm32cube.ide.mcu.externaltools.gnu-tools-for-stm32.12.3.rel1.linux64_1.0.100.202403111256/tools/bin/../lib/gcc/arm-none-eabi/12.3.1/thumb/v7e-m/nofp/crtbegin.o
 .text          0x080001c8       0x10 /opt/st/stm32cubeide_1.15.0/plugins/com.st.stm32cube.ide.mcu.externaltools.gnu-tools-for-stm32.12.3.rel1.linux64_1.0.100.202403111256/tools/bin/../lib/gcc/arm-none-eabi/12.3.1/../../../../arm-none-eabi/lib/thumb/v7e-m/nofp/libc_nano.a(libc_a-strlen.o)
                0x080001c8                strlen
 *(.text*)
 .text.EEPROM_Init
                0x080001d8       0x22 ./Src/eeprom.o
                0x080001d8                EEPROM_Init
 .text.EEPROM_Write
                0x080001fa       0x64 ./Src/eeprom.o
                0x080001fa                EEPROM_Write
 .text.EEPROM_Read
                0x0800025e       0x7e ./Src/eeprom.o
                0x0800025e                EEPROM_Read
 .text.DelayMs  0x080002dc       0x50 ./Src/i2c.o
 .text.I2CStart
                0x0800032c       0x2c ./Src/i2c.o
                0x0800032c                I2CStart
 .text.I2CRepeatStart
                0x08000358        0xc ./Src/i2c.o
                0x08000358                I2CRepeatStart
 .text.I2CStop  0x08000364       0x2c ./Src/i2c.o
                0x08000364                I2CStop
 .text.I2CSendSlaveAddress
                0x08000390       0x34 ./Src/i2c.o
                0x08000390                I2CSendSlaveAddress
 .text.I2CSendData
                0x080003c4       0x3c ./Src/i2c.o
                0x080003c4                I2CSendData
 .text.I2CRecvDataAck
                0x08000400       0x38 ./Src/i2c.o
                0x08000400                I2CRecvDataAck
 .text.I2CRecvDataNAck
                0x08000438       0x38 ./Src/i2c.o
                0x08000438                I2CRecvDataNAck
 .text.I2CIsDeviceReady
                0x08000470       0x3c ./Src/i2c.o
                0x08000470                I2CIsDeviceReady
 .text.I2CInit  0x080004ac      0x120 ./Src/i2c.o
                0x080004ac                I2CInit
 .text.main     0x080005cc      0x110 ./Src/main.o
                0x080005cc                main
 .text.SystemInit
                0x080006dc        0xc ./Src/system_stm32f4xx.o
                0x080006dc                SystemInit
 .text.DWT_Init
                0x080006e8       0x60 ./Src/system_stm32f4xx.o
                0x080006e8                DWT_Init
 .text.UartInit
                0x08000748       0xdc ./Src/uart.o
                0x08000748                UartInit
 .text.UartPutch
                0x08000824       0x2c ./Src/uart.o
                0x08000824                UartPutch
 .text.UartGetch
                0x08000850       0x2c ./Src/uart.o
                0x08000850                UartGetch
 .text.UartPuts
                0x0800087c       0x38 ./Src/uart.o
                0x0800087c                UartPuts
 .text.UartGets
                0x080008b4       0x4c ./Src/uart.o
                0x080008b4                UartGets
 .text.Reset_Handler
                0x08000900       0x50 ./Startup/startup_stm32f407vgtx.o
                0x08000900                Reset_Handler
 .text.Default_Handler
                0x08000950        0x2 ./Startup/startup_stm32f407vgtx.o
                0x08000950                RTC_Alarm_IRQHandler
                0x08000950                HASH_RNG_IRQHandler
                0x08000950                EXTI2_IRQHandler
                0x08000950                TIM8_CC_IRQHandler
                0x08000950                DebugMon_Handler
                0x08000950                TIM1_CC_IRQHandler
                0x08000950                DMA2_Stream5_IRQHandler
                0x08000950                HardFault_Handler
                0x08000950                DMA1_Stream5_IRQHandler
                0x08000950                SysTick_Handler
                0x08000950                PVD_IRQHandler
                0x08000950                SDIO_IRQHandler
                0x08000950                TAMP_STAMP_IRQHandler
                0x08000950                PendSV_Handler
                0x08000950                NMI_Handler
                0x08000950                CAN2_RX1_IRQHandler
                0x08000950                EXTI3_IRQHandler
                0x08000950                TIM8_TRG_COM_TIM14_IRQHandler
                0x08000950                TIM1_UP_TIM10_IRQHandler
                0x08000950                TIM8_UP_TIM13_IRQHandler
                0x08000950                I2C3_ER_IRQHandler
                0x08000950                EXTI0_IRQHandler
                0x08000950                I2C2_EV_IRQHandler
                0x08000950                DMA1_Stream2_IRQHandler
                0x08000950                CAN1_RX0_IRQHandler
                0x08000950                FPU_IRQHandler
                0x08000950                OTG_HS_WKUP_IRQHandler
                0x08000950                UsageFault_Handler
                0x08000950                CAN2_SCE_IRQHandler
                0x08000950                DMA2_Stream2_IRQHandler
                0x08000950                SPI1_IRQHandler
                0x08000950                TIM6_DAC_IRQHandler
                0x08000950                TIM1_BRK_TIM9_IRQHandler
                0x08000950                DCMI_IRQHandler
                0x08000950                CAN2_RX0_IRQHandler
                0x08000950                DMA2_Stream3_IRQHandler
                0x08000950                USART6_IRQHandler
                0x08000950                USART3_IRQHandler
                0x08000950                CRYP_IRQHandler
                0x08000950                CAN1_RX1_IRQHandler
                0x08000950                UART5_IRQHandler
                0x08000950                DMA2_Stream0_IRQHandler
                0x08000950                TIM4_IRQHandler
                0x08000950                I2C1_EV_IRQHandler
                0x08000950                DMA1_Stream6_IRQHandler
                0x08000950                DMA1_Stream1_IRQHandler
                0x08000950                UART4_IRQHandler
                0x08000950                TIM3_IRQHandler
                0x08000950                RCC_IRQHandler
                0x08000950                TIM8_BRK_TIM12_IRQHandler
                0x08000950                Default_Handler
                0x08000950                EXTI15_10_IRQHandler
                0x08000950                ADC_IRQHandler
                0x08000950                DMA1_Stream7_IRQHandler
                0x08000950                TIM7_IRQHandler
                0x08000950                CAN2_TX_IRQHandler
                0x08000950                TIM5_IRQHandler
                0x08000950                DMA2_Stream7_IRQHandler
                0x08000950                I2C3_EV_IRQHandler
                0x08000950                EXTI9_5_IRQHandler
                0x08000950                RTC_WKUP_IRQHandler
                0x08000950                ETH_WKUP_IRQHandler
                0x08000950                SPI2_IRQHandler
                0x08000950                OTG_HS_EP1_IN_IRQHandler
                0x08000950                MemManage_Handler
                0x08000950                DMA1_Stream0_IRQHandler
                0x08000950                CAN1_TX_IRQHandler
                0x08000950                SVC_Handler
                0x08000950                EXTI4_IRQHandler
                0x08000950                FSMC_IRQHandler
                0x08000950                ETH_IRQHandler
                0x08000950                OTG_HS_EP1_OUT_IRQHandler
                0x08000950                WWDG_IRQHandler
                0x08000950                TIM2_IRQHandler
                0x08000950                OTG_FS_WKUP_IRQHandler
                0x08000950                TIM1_TRG_COM_TIM11_IRQHandler
                0x08000950                OTG_HS_IRQHandler
                0x08000950                EXTI1_IRQHandler
                0x08000950                USART2_IRQHandler
                0x08000950                I2C2_ER_IRQHandler
                0x08000950                DMA2_Stream1_IRQHandler
                0x08000950                CAN1_SCE_IRQHandler
                0x08000950                DMA2_Stream4_IRQHandler
                0x08000950                BusFault_Handler
                0x08000950                USART1_IRQHandler
                0x08000950                OTG_FS_IRQHandler
                0x08000950                SPI3_IRQHandler
                0x08000950                DMA1_Stream4_IRQHandler
                0x08000950                I2C1_ER_IRQHandler
                0x08000950                DMA2_Stream6_IRQHandler
                0x08000950                DMA1_Stream3_IRQHandler
 *fill*         0x08000952        0x2 
 .text.__libc_init_array
                0x08000954       0x48 /opt/st/stm32cubeide_1.15.0/plugins/com.st.stm32cube.ide.mcu.externaltools.gnu-tools-for-stm32.12.3.rel1.linux64_1.0.100.202403111256/tools/bin/../lib/gcc/arm-none-eabi/12.3.1/../../../../arm-none-eabi/lib/thumb/v7e-m/nofp/libc_nano.a(libc_a-init.o)
                0x08000954                __libc_init_array
 *(.glue_7)
 .glue_7        0x0800099c        0x0 linker stubs
 *(.glue_7t)
 .glue_7t       0x0800099c        0x0 linker stubs
 *(.eh_frame)
 .eh_frame      0x0800099c        0x0 /opt/st/stm32cubeide_1.15.0/plugins/com.st.stm32cube.ide.mcu.externaltools.gnu-tools-for-stm32.12.3.rel1.linux64_1.0.100.202403111256/tools/bin/../lib/gcc/arm-none-eabi/12.3.1/thumb/v7e-m/nofp/crtbegin.o
 *(.init)
 .init          0x0800099c        0x4 /opt/st/stm32cubeide_1.15.0/plugins/com.st.stm32cube.ide.mcu.externaltools.gnu-tools-for-stm32.12.3.rel1.linux64_1.0.100.202403111256/tools/bin/../lib/gcc/arm-none-eabi/12.3.1/thumb/v7e-m/nofp/crti.o
                0x0800099c                _init
 .init          0x080009a0        0x8 /opt/st/stm32cubeide_1.15.0/plugins/com.st.stm32cube.ide.mcu.externaltools.gnu-tools-for-stm32.12.3.rel1.linux64_1.0.100.202403111256/tools/bin/../lib/gcc/arm-none-eabi/12.3.1/thumb/v7e-m/nofp/crtn.o
 *(.fini)
 .fini          0x080009a8        0x4 /opt/st/stm32cubeide_1.15.0/plugins/com.st.stm32cube.ide.mcu.externaltools.gnu-tools-for-stm32.12.3.rel1.linux64_1.0.100.202403111256/tools/bin/../lib/gcc/arm-none-eabi/12.3.1/thumb/v7e-m/nofp/crti.o
                0x080009a8                _fini
 .fini          0x080009ac        0x8 /opt/st/stm32cubeide_1.15.0/plugins/com.st.stm32cube.ide.mcu.externaltools.gnu-tools-for-stm32.12.3.rel1.linux64_1.0.100.202403111256/tools/bin/../lib/gcc/arm-none-eabi/12.3.1/thumb/v7e-m/nofp/crtn.o
                0x080009b4                        . = ALIGN (0x4)
                0x080009b4                        _etext = .

.vfp11_veneer   0x080009b4        0x0
 .vfp11_veneer  0x080009b4        0x0 linker stubs

.v4_bx          0x080009b4        0x0
 .v4_bx         0x080009b4        0x0 linker stubs

.iplt           0x080009b4        0x0
 .iplt          0x080009b4        0x0 /opt/st/stm32cubeide_1.15.0/plugins/com.st.stm32cube.ide.mcu.externaltools.gnu-tools-for-stm32.12.3.rel1.linux64_1.0.100.202403111256/tools/bin/../lib/gcc/arm-none-eabi/12.3.1/thumb/v7e-m/nofp/crtbegin.o

.rodata         0x080009b4      0x11c
                0x080009b4                        . = ALIGN (0x4)
 *(.rodata)
 .rodata        0x080009b4      0x119 ./Src/main.o
 *(.rodata*)
                0x08000ad0                        . = ALIGN (0x4)
 *fill*         0x08000acd        0x3 

.ARM.extab      0x08000ad0        0x0
                0x08000ad0                        . = ALIGN (0x4)
 *(.ARM.extab* .gnu.linkonce.armextab.*)
                0x08000ad0                        . = ALIGN (0x4)

.ARM            0x08000ad0        0x8
                0x08000ad0                        . = ALIGN (0x4)
                0x08000ad0                        __exidx_start = .
 *(.ARM.exidx*)
 .ARM.exidx     0x08000ad0        0x8 /opt/st/stm32cubeide_1.15.0/plugins/com.st.stm32cube.ide.mcu.externaltools.gnu-tools-for-stm32.12.3.rel1.linux64_1.0.100.202403111256/tools/bin/../lib/gcc/arm-none-eabi/12.3.1/../../../../arm-none-eabi/lib/thumb/v7e-m/nofp/libc_nano.a(libc_a-strlen.o)
                0x08000ad8                        __exidx_end = .
                0x08000ad8                        . = ALIGN (0x4)

.preinit_array  0x08000ad8        0x0
                0x08000ad8                        . = ALIGN (0x4)
                0x08000ad8                        PROVIDE (__preinit_array_start = .)
 *(.preinit_array*)
                0x08000ad8                        PROVIDE (__preinit_array_end = .)
                0x08000ad8                        . = ALIGN (0x4)

.init_array     0x08000ad8        0x4
                0x08000ad8                        . = ALIGN (0x4)
                0x08000ad8                        PROVIDE (__init_array_start = .)
 *(SORT_BY_NAME(.init_array.*))
 *(.init_array*)
 .init_array    0x08000ad8        0x4 /opt/st/stm32cubeide_1.15.0/plugins/com.st.stm32cube.ide.mcu.externaltools.gnu-tools-for-stm32.12.3.rel1.linux64_1.0.100.202403111256/tools/bin/../lib/gcc/arm-none-eabi/12.3.1/thumb/v7e-m/nofp/crtbegin.o
                0x08000adc                        PROVIDE (__init_array_end = .)
                0x08000adc                        . = ALIGN (0x4)

.fini_array     0x08000adc        0x4
                0x08000adc                        . = ALIGN (0x4)
                [!provide]                        PROVIDE (__fini_array_start = .)
 *(SORT_BY_NAME(.fini_array.*))
 *(.fini_array*)
 .fini_array    0x08000adc        0x4 /opt/st/stm32cubeide_1.15.0/plugins/com.st.stm32cube.ide.mcu.externaltools.gnu-tools-for-stm32.12.3.rel1.linux64_1.0.100.202403111256/tools/bin/../lib/gcc/arm-none-eabi/12.3.1/thumb/v7e-m/nofp/crtbegin.o
                [!provide]                        PROVIDE (__fini_array_end = .)
                0x08000ae0                        . = ALIGN (0x4)
                0x08000ae0                        _sidata = LOADADDR (.data)

.rel.dyn        0x08000ae0        0x0
 .rel.iplt      0x08000ae0        0x0 /opt/st/stm32cubeide_1.15.0/plugins/com.st.stm32cube.ide.mcu.externaltools.gnu-tools-for-stm32.12.3.rel1.linux64_1.0.100.202403111256/tools/bin/../lib/gcc/arm-none-eabi/12.3.1/thumb/v7e-m/nofp/crtbegin.o

.data           0x20000000        0x4 load address 0x08000ae0
                0x20000000                        . = ALIGN (0x4)
                0x20000000                        _sdata = .
 *(.data)
 *(.data*)
 .data.SystemCoreClock
                0x20000000        0x4 ./Src/system_stm32f4xx.o
                0x20000000                SystemCoreClock
 *(.RamFunc)
 *(.RamFunc*)
                0x20000004                        . = ALIGN (0x4)
                0x20000004                        _edata = .
                0x08000ae4                        _siccmram = LOADADDR (.ccmram)

.igot.plt       0x20000004        0x0 load address 0x08000ae4
 .igot.plt      0x20000004        0x0 /opt/st/stm32cubeide_1.15.0/plugins/com.st.stm32cube.ide.mcu.externaltools.gnu-tools-for-stm32.12.3.rel1.linux64_1.0.100.202403111256/tools/bin/../lib/gcc/arm-none-eabi/12.3.1/thumb/v7e-m/nofp/crtbegin.o

.ccmram         0x10000000        0x0 load address 0x08000ae4
                0x10000000                        . = ALIGN (0x4)
                0x10000000                        _sccmram = .
 *(.ccmram)
 *(.ccmram*)
                0x10000000                        . = ALIGN (0x4)
                0x10000000                        _eccmram = .
                0x10000000                        . = ALIGN (0x4)

.bss            0x20000004       0x1c
                0x20000004                        _sbss = .
                0x20000004                        __bss_start__ = _sbss
 *(.bss)
 .bss           0x20000004       0x1c /opt/st/stm32cubeide_1.15.0/plugins/com.st.stm32cube.ide.mcu.externaltools.gnu-tools-for-stm32.12.3.rel1.linux64_1.0.100.202403111256/tools/bin/../lib/gcc/arm-none-eabi/12.3.1/thumb/v7e-m/nofp/crtbegin.o
 *(.bss*)
 *(COMMON)
                0x20000020                        . = ALIGN (0x4)
                0x20000020                        _ebss = .
                0x20000020                        __bss_end__ = _ebss

._user_heap_stack
                0x20000020      0x600
                0x20000020                        . = ALIGN (0x8)
                [!provide]                        PROVIDE (end = .)
                0x20000020                        PROVIDE (_end = .)
                0x20000220                        . = (. + _Min_Heap_Size)
 *fill*         0x20000020      0x200 
                0x20000620                        . = (. + _Min_Stack_Size)
 *fill*         0x20000220      0x400 
                0x20000620                        . = ALIGN (0x8)

/DISCARD/
 libc.a(*)
 libm.a(*)
 libgcc.a(*)

.ARM.attributes
                0x00000000       0x2a
 *(.ARM.attributes)
 .ARM.attributes
                0x00000000       0x1e /opt/st/stm32cubeide_1.15.0/plugins/com.st.stm32cube.ide.mcu.externaltools.gnu-tools-for-stm32.12.3.rel1.linux64_1.0.100.202403111256/tools/bin/../lib/gcc/arm-none-eabi/12.3.1/thumb/v7e-m/nofp/crti.o
 .ARM.attributes
                0x0000001e       0x2e /opt/st/stm32cubeide_1.15.0/plugins/com.st.stm32cube.ide.mcu.externaltools.gnu-tools-for-stm32.12.3.rel1.linux64_1.0.100.202403111256/tools/bin/../lib/gcc/arm-none-eabi/12.3.1/thumb/v7e-m/nofp/crtbegin.o
 .ARM.attributes
                0x0000004c       0x2e ./Src/eeprom.o
 .ARM.attributes
                0x0000007a       0x2e ./Src/i2c.o
 .ARM.attributes
                0x000000a8       0x2e ./Src/main.o
 .ARM.attributes
                0x000000d6       0x2e ./Src/system_stm32f4xx.o
 .ARM.attributes
                0x00000104       0x2e ./Src/uart.o
 .ARM.attributes
                0x00000132       0x21 ./Startup/startup_stm32f407vgtx.o
 .ARM.attributes
                0x00000153       0x2e /opt/st/stm32cubeide_1.15.0/plugins/com.st.stm32cube.ide.mcu.externaltools.gnu-tools-for-stm32.12.3.rel1.linux64_1.0.100.202403111256/tools/bin/../lib/gcc/arm-none-eabi/12.3.1/../../../../arm-none-eabi/lib/thumb/v7e-m/nofp/libc_nano.a(libc_a-init.o)
 .ARM.attributes
                0x00000181       0x17 /opt/st/stm32cubeide_1.15.0/plugins/com.st.stm32cube.ide.mcu.externaltools.gnu-tools-for-stm32.12.3.rel1.linux64_1.0.100.202403111256/tools/bin/../lib/gcc/arm-none-eabi/12.3.1/../../../../arm-none-eabi/lib/thumb/v7e-m/nofp/libc_nano.a(libc_a-strlen.o)
 .ARM.attributes
                0x00000198       0x1e /opt/st/stm32cubeide_1.15.0/plugins/com.st.stm32cube.ide.mcu.externaltools.gnu-tools-for-stm32.12.3.rel1.linux64_1.0.100.202403111256/tools/bin/../lib/gcc/arm-none-eabi/12.3.1/thumb/v7e-m/nofp/crtn.o
OUTPUT(i2c_assing.elf elf32-littlearm)
LOAD linker stubs
LOAD /opt/st/stm32cubeide_1.15.0/plugins/com.st.stm32cube.ide.mcu.externaltools.gnu-tools-for-stm32.12.3.rel1.linux64_1.0.100.202403111256/tools/bin/../lib/gcc/arm-none-eabi/12.3.1/../../../../arm-none-eabi/lib/thumb/v7e-m/nofp/libc.a
LOAD /opt/st/stm32cubeide_1.15.0/plugins/com.st.stm32cube.ide.mcu.externaltools.gnu-tools-for-stm32.12.3.rel1.linux64_1.0.100.202403111256/tools/bin/../lib/gcc/arm-none-eabi/12.3.1/../../../../arm-none-eabi/lib/thumb/v7e-m/nofp/libm.a
LOAD /opt/st/stm32cubeide_1.15.0/plugins/com.st.stm32cube.ide.mcu.externaltools.gnu-tools-for-stm32.12.3.rel1.linux64_1.0.100.202403111256/tools/bin/../lib/gcc/arm-none-eabi/12.3.1/thumb/v7e-m/nofp/libgcc.a

.debug_info     0x00000000     0x1396
 .debug_info    0x00000000      0x214 ./Src/eeprom.o
 .debug_info    0x00000214      0x644 ./Src/i2c.o
 .debug_info    0x00000858      0x1c2 ./Src/main.o
 .debug_info    0x00000a1a      0x53c ./Src/system_stm32f4xx.o
 .debug_info    0x00000f56      0x410 ./Src/uart.o
 .debug_info    0x00001366       0x30 ./Startup/startup_stm32f407vgtx.o

.debug_abbrev   0x00000000      0x658
 .debug_abbrev  0x00000000      0x132 ./Src/eeprom.o
 .debug_abbrev  0x00000132      0x17f ./Src/i2c.o
 .debug_abbrev  0x000002b1       0xe2 ./Src/main.o
 .debug_abbrev  0x00000393      0x158 ./Src/system_stm32f4xx.o
 .debug_abbrev  0x000004eb      0x149 ./Src/uart.o
 .debug_abbrev  0x00000634       0x24 ./Startup/startup_stm32f407vgtx.o

.debug_aranges  0x00000000      0x158
 .debug_aranges
                0x00000000       0x30 ./Src/eeprom.o
 .debug_aranges
                0x00000030       0x68 ./Src/i2c.o
 .debug_aranges
                0x00000098       0x20 ./Src/main.o
 .debug_aranges
                0x000000b8       0x38 ./Src/system_stm32f4xx.o
 .debug_aranges
                0x000000f0       0x40 ./Src/uart.o
 .debug_aranges
                0x00000130       0x28 ./Startup/startup_stm32f407vgtx.o

.debug_rnglists
                0x00000000       0xe8
 .debug_rnglists
                0x00000000       0x1f ./Src/eeprom.o
 .debug_rnglists
                0x0000001f       0x4a ./Src/i2c.o
 .debug_rnglists
                0x00000069       0x14 ./Src/main.o
 .debug_rnglists
                0x0000007d       0x26 ./Src/system_stm32f4xx.o
 .debug_rnglists
                0x000000a3       0x2c ./Src/uart.o
 .debug_rnglists
                0x000000cf       0x19 ./Startup/startup_stm32f407vgtx.o

.debug_macro    0x00000000    0x19193
 .debug_macro   0x00000000       0xeb ./Src/eeprom.o
 .debug_macro   0x000000eb      0xab4 ./Src/eeprom.o
 .debug_macro   0x00000b9f       0x2e ./Src/eeprom.o
 .debug_macro   0x00000bcd       0x2f ./Src/eeprom.o
 .debug_macro   0x00000bfc       0x22 ./Src/eeprom.o
 .debug_macro   0x00000c1e       0x8e ./Src/eeprom.o
 .debug_macro   0x00000cac       0x51 ./Src/eeprom.o
 .debug_macro   0x00000cfd      0x103 ./Src/eeprom.o
 .debug_macro   0x00000e00       0x6a ./Src/eeprom.o
 .debug_macro   0x00000e6a      0x1df ./Src/eeprom.o
 .debug_macro   0x00001049       0x1c ./Src/eeprom.o
 .debug_macro   0x00001065       0x22 ./Src/eeprom.o
 .debug_macro   0x00001087       0xd9 ./Src/eeprom.o
 .debug_macro   0x00001160     0x102d ./Src/eeprom.o
 .debug_macro   0x0000218d      0x11f ./Src/eeprom.o
 .debug_macro   0x000022ac       0x11 ./Src/eeprom.o
 .debug_macro   0x000022bd    0x15e3c ./Src/eeprom.o
 .debug_macro   0x000180f9       0x4a ./Src/eeprom.o
 .debug_macro   0x00018143       0x10 ./Src/eeprom.o
 .debug_macro   0x00018153       0x10 ./Src/eeprom.o
 .debug_macro   0x00018163       0xdc ./Src/i2c.o
 .debug_macro   0x0001823f      0x209 ./Src/main.o
 .debug_macro   0x00018448       0x61 ./Src/main.o
 .debug_macro   0x000184a9       0x24 ./Src/main.o
 .debug_macro   0x000184cd       0x43 ./Src/main.o
 .debug_macro   0x00018510       0x34 ./Src/main.o
 .debug_macro   0x00018544       0x16 ./Src/main.o
 .debug_macro   0x0001855a       0x9e ./Src/main.o
 .debug_macro   0x000185f8      0x369 ./Src/main.o
 .debug_macro   0x00018961      0x10b ./Src/main.o
 .debug_macro   0x00018a6c       0x10 ./Src/main.o
 .debug_macro   0x00018a7c       0x16 ./Src/main.o
 .debug_macro   0x00018a92       0x43 ./Src/main.o
 .debug_macro   0x00018ad5       0x34 ./Src/main.o
 .debug_macro   0x00018b09       0x10 ./Src/main.o
 .debug_macro   0x00018b19       0x58 ./Src/main.o
 .debug_macro   0x00018b71       0x8e ./Src/main.o
 .debug_macro   0x00018bff       0x1c ./Src/main.o
 .debug_macro   0x00018c1b      0x177 ./Src/main.o
 .debug_macro   0x00018d92       0x16 ./Src/main.o
 .debug_macro   0x00018da8       0x16 ./Src/main.o
 .debug_macro   0x00018dbe      0x146 ./Src/main.o
 .debug_macro   0x00018f04       0x16 ./Src/main.o
 .debug_macro   0x00018f1a       0x35 ./Src/main.o
 .debug_macro   0x00018f4f       0x20 ./Src/main.o
 .debug_macro   0x00018f6f       0x2e ./Src/main.o
 .debug_macro   0x00018f9d       0xe0 ./Src/system_stm32f4xx.o
 .debug_macro   0x0001907d       0xee ./Src/uart.o
 .debug_macro   0x0001916b       0x28 ./Src/uart.o

.debug_line     0x00000000     0x1b64
 .debug_line    0x00000000      0x4a2 ./Src/eeprom.o
 .debug_line    0x000004a2      0x675 ./Src/i2c.o
 .debug_line    0x00000b17      0x5b8 ./Src/main.o
 .debug_line    0x000010cf      0x4d6 ./Src/system_stm32f4xx.o
 .debug_line    0x000015a5      0x544 ./Src/uart.o
 .debug_line    0x00001ae9       0x7b ./Startup/startup_stm32f407vgtx.o

.debug_str      0x00000000    0x8b959
 .debug_str     0x00000000    0x87a9e ./Src/eeprom.o
                              0x87c14 (size before relaxing)
 .debug_str     0x00087a9e      0x21a ./Src/i2c.o
                              0x87dcb (size before relaxing)
 .debug_str     0x00087cb8     0x3b19 ./Src/main.o
                              0x8b733 (size before relaxing)
 .debug_str     0x0008b7d1       0xee ./Src/system_stm32f4xx.o
                              0x87db0 (size before relaxing)
 .debug_str     0x0008b8bf       0x5b ./Src/uart.o
                              0x87d31 (size before relaxing)
 .debug_str     0x0008b91a       0x3f ./Startup/startup_stm32f407vgtx.o
                                 0x70 (size before relaxing)

.comment        0x00000000       0x43
 .comment       0x00000000       0x43 ./Src/eeprom.o
                                 0x44 (size before relaxing)
 .comment       0x00000043       0x44 ./Src/i2c.o
 .comment       0x00000043       0x44 ./Src/main.o
 .comment       0x00000043       0x44 ./Src/system_stm32f4xx.o
 .comment       0x00000043       0x44 ./Src/uart.o

.debug_frame    0x00000000      0x3a8
 .debug_frame   0x00000000       0x80 ./Src/eeprom.o
 .debug_frame   0x00000080      0x178 ./Src/i2c.o
 .debug_frame   0x000001f8       0x30 ./Src/main.o
 .debug_frame   0x00000228       0x84 ./Src/system_stm32f4xx.o
 .debug_frame   0x000002ac       0xd0 ./Src/uart.o
 .debug_frame   0x0000037c       0x2c /opt/st/stm32cubeide_1.15.0/plugins/com.st.stm32cube.ide.mcu.externaltools.gnu-tools-for-stm32.12.3.rel1.linux64_1.0.100.202403111256/tools/bin/../lib/gcc/arm-none-eabi/12.3.1/../../../../arm-none-eabi/lib/thumb/v7e-m/nofp/libc_nano.a(libc_a-init.o)

.debug_loclists
                0x00000000       0x1f
 .debug_loclists
                0x00000000       0x1f ./Src/system_stm32f4xx.o

.debug_line_str
                0x00000000       0x54
 .debug_line_str
                0x00000000       0x54 ./Startup/startup_stm32f407vgtx.o
